Component: ARM Compiler 5.06 update 7 (build 960) Tool: armlink [4d3601]

==============================================================================

Section Cross References

    startup_lpc17xx.o(STACK) refers (Special) to heapauxi.o(.text) for __use_two_region_memory
    startup_lpc17xx.o(HEAP) refers (Special) to heapauxi.o(.text) for __use_two_region_memory
    startup_lpc17xx.o(RESET) refers (Special) to heapauxi.o(.text) for __use_two_region_memory
    startup_lpc17xx.o(RESET) refers to startup_lpc17xx.o(STACK) for __initial_sp
    startup_lpc17xx.o(RESET) refers to startup_lpc17xx.o(.text) for Reset_Handler
    startup_lpc17xx.o(.ARM.__at_0x02FC) refers (Special) to heapauxi.o(.text) for __use_two_region_memory
    startup_lpc17xx.o(.text) refers (Special) to heapauxi.o(.text) for __use_two_region_memory
    startup_lpc17xx.o(.text) refers to system_lpc17xx.o(.text) for SystemInit
    startup_lpc17xx.o(.text) refers to __main.o(!!!main) for __main
    startup_lpc17xx.o(.text) refers to startup_lpc17xx.o(HEAP) for Heap_Mem
    startup_lpc17xx.o(.text) refers to startup_lpc17xx.o(STACK) for Stack_Mem
    system_lpc17xx.o(.text) refers to system_lpc17xx.o(.data) for SystemCoreClock
    lpc17xx_clkpwr.o(.text) refers to system_lpc17xx.o(.data) for SystemCoreClock
    lpc17xx_timer.o(.text) refers to lpc17xx_clkpwr.o(.text) for CLKPWR_GetPCLK
    lpc17xx_timer.o(.text) refers to lludivv7m.o(.text) for __aeabi_uldivmod
    lpc17xx_timer.o(.text) refers to main.o(.text) for check_failed
    lpc17xx_ssp.o(.text) refers to main.o(.text) for check_failed
    lpc17xx_ssp.o(.text) refers to lpc17xx_clkpwr.o(.text) for CLKPWR_GetPCLK
    lpc17xx_i2c.o(.text) refers to main.o(.text) for check_failed
    lpc17xx_i2c.o(.text) refers to lpc17xx_clkpwr.o(.text) for CLKPWR_GetPCLK
    lpc17xx_i2c.o(.text) refers to lpc17xx_i2c.o(.bss) for i2cdat
    lpc17xx_i2c.o(.text) refers to lpc17xx_i2c.o(.data) for I2C_MonitorBufferIndex
    main.o(.text) refers to _printf_percent.o(.ARM.Collect$$_printf_percent$$00000000) for _printf_percent
    main.o(.text) refers to _printf_d.o(.ARM.Collect$$_printf_percent$$00000009) for _printf_d
    main.o(.text) refers to _printf_dec.o(.text) for _printf_int_dec
    main.o(.text) refers to sys_time.o(.text) for time
    main.o(.text) refers to rand.o(.text) for srand
    main.o(.text) refers to rand.o(.emb_text) for rand
    main.o(.text) refers to ili_lcd_general.o(.text) for lcd_Initializtion
    main.o(.text) refers to __2sprintf.o(.text) for __2sprintf
    main.o(.text) refers to lcd_api.o(.text) for LCD_write_english_string
    main.o(.text) refers to affichagelcd.o(.text) for dessiner_rect
    main.o(.text) refers to touch_panel.o(.text) for touch_init
    main.o(.text) refers to main.o(.bss) for chaine
    ili_lcd_general.o(.text) refers to lpc17xx_gpio.o(.text) for FIO_SetDir
    ili_lcd_general.o(.text) refers to ili_lcd_general.o(i.write_cmd) for write_cmd
    ili_lcd_general.o(.text) refers to ili_lcd_general.o(i.lcd_send) for lcd_send
    ili_lcd_general.o(.text) refers to ili_lcd_general.o(i.wait_delay) for wait_delay
    ili_lcd_general.o(.text) refers to ili_lcd_general.o(i.write_reg) for write_reg
    ili_lcd_general.o(.text) refers to ili_lcd_general.o(i.read_data) for read_data
    ili_lcd_general.o(.text) refers to ili_lcd_general.o(.data) for deviceid
    lcd_api.o(.text) refers to ili_lcd_general.o(.text) for lcd_SetCursor
    lcd_api.o(.text) refers to english_16x8.o(.constdata) for english
    affichagelcd.o(.text) refers to ili_lcd_general.o(.text) for lcd_SetCursor
    touch_panel.o(.text) refers to _printf_pad.o(.text) for _printf_pre_padding
    touch_panel.o(.text) refers to _printf_percent.o(.ARM.Collect$$_printf_percent$$00000000) for _printf_percent
    touch_panel.o(.text) refers to _printf_d.o(.ARM.Collect$$_printf_percent$$00000009) for _printf_d
    touch_panel.o(.text) refers to _printf_dec.o(.text) for _printf_int_dec
    touch_panel.o(.text) refers to lpc17xx_ssp.o(.text) for SSP_ReadWrite
    touch_panel.o(.text) refers to lpc17xx_pinsel.o(.text) for PINSEL_ConfigPin
    touch_panel.o(.text) refers to lpc17xx_gpio.o(.text) for GPIO_SetDir
    touch_panel.o(.text) refers to __2sprintf.o(.text) for __2sprintf
    touch_panel.o(.text) refers to lcd_api.o(.text) for LCD_write_english_string
    touch_panel.o(.text) refers to touch_panel.o(.bss) for LCDSPI1Data
    touch_panel.o(.text) refers to main.o(.data) for touch_x
    sys_time.o(.text) refers (Special) to use_no_semi.o(.text) for __I$use$semihosting
    sys_time.o(.text) refers (Special) to indicate_semi.o(.text) for __semihosting_library_function
    __2sprintf.o(.text) refers to _printf_char_common.o(.text) for _printf_char_common
    __2sprintf.o(.text) refers to _sputc.o(.text) for _sputc
    noretval__2sprintf.o(.text) refers to _printf_char_common.o(.text) for _printf_char_common
    noretval__2sprintf.o(.text) refers to _sputc.o(.text) for _sputc
    __printf.o(.text) refers to _printf_percent.o(.ARM.Collect$$_printf_percent$$00000000) for _printf_percent
    _printf_dec.o(.text) refers to _printf_intcommon.o(.text) for _printf_int_common
    __printf_flags.o(.text) refers to _printf_percent.o(.ARM.Collect$$_printf_percent$$00000000) for _printf_percent
    __printf_flags.o(.text) refers to __printf_flags.o(.constdata) for .constdata
    __printf_ss.o(.text) refers to _printf_percent.o(.ARM.Collect$$_printf_percent$$00000000) for _printf_percent
    __printf_flags_ss.o(.text) refers to _printf_percent.o(.ARM.Collect$$_printf_percent$$00000000) for _printf_percent
    __printf_flags_ss.o(.text) refers to __printf_flags_ss.o(.constdata) for .constdata
    __printf_wp.o(.text) refers to __printf_wp.o(i._is_digit) for _is_digit
    __printf_wp.o(.text) refers to _printf_percent.o(.ARM.Collect$$_printf_percent$$00000000) for _printf_percent
    __printf_flags_wp.o(.text) refers to __printf_wp.o(i._is_digit) for _is_digit
    __printf_flags_wp.o(.text) refers to _printf_percent.o(.ARM.Collect$$_printf_percent$$00000000) for _printf_percent
    __printf_flags_wp.o(.text) refers to __printf_flags_wp.o(.constdata) for .constdata
    __printf_ss_wp.o(.text) refers to __printf_wp.o(i._is_digit) for _is_digit
    __printf_ss_wp.o(.text) refers to _printf_percent.o(.ARM.Collect$$_printf_percent$$00000000) for _printf_percent
    __printf_flags_ss_wp.o(.text) refers to __printf_wp.o(i._is_digit) for _is_digit
    __printf_flags_ss_wp.o(.text) refers to _printf_percent.o(.ARM.Collect$$_printf_percent$$00000000) for _printf_percent
    __printf_flags_ss_wp.o(.text) refers to __printf_flags_ss_wp.o(.constdata) for .constdata
    _printf_d.o(.ARM.Collect$$_printf_percent$$00000009) refers (Weak) to _printf_dec.o(.text) for _printf_int_dec
    _printf_percent.o(.ARM.Collect$$_printf_percent$$00000000) refers (Special) to _printf_percent_end.o(.ARM.Collect$$_printf_percent$$00000017) for _printf_percent_end
    rand.o(.emb_text) refers (Special) to libinit2.o(.ARM.Collect$$libinit$$0000000D) for __rt_lib_init_rand_2
    rand.o(.emb_text) refers to rand.o(.text) for _rand_init
    rand.o(.emb_text) refers to rand.o(.bss) for _random_number_data
    rand.o(.text) refers (Special) to libinit2.o(.ARM.Collect$$libinit$$0000000D) for __rt_lib_init_rand_2
    rand.o(.text) refers to rand.o(.bss) for .bss
    rand.o(.bss) refers (Special) to libinit2.o(.ARM.Collect$$libinit$$0000000D) for __rt_lib_init_rand_2
    __main.o(!!!main) refers to __rtentry.o(.ARM.Collect$$rtentry$$00000000) for __rt_entry
    __rtentry.o(.ARM.Collect$$rtentry$$00000000) refers (Special) to __rtentry2.o(.ARM.Collect$$rtentry$$0000000A) for __rt_entry_li
    __rtentry.o(.ARM.Collect$$rtentry$$00000000) refers (Special) to __rtentry2.o(.ARM.Collect$$rtentry$$0000000D) for __rt_entry_main
    __rtentry.o(.ARM.Collect$$rtentry$$00000000) refers (Special) to __rtentry2.o(.ARM.Collect$$rtentry$$0000000C) for __rt_entry_postli_1
    __rtentry.o(.ARM.Collect$$rtentry$$00000000) refers (Special) to __rtentry2.o(.ARM.Collect$$rtentry$$00000009) for __rt_entry_postsh_1
    __rtentry.o(.ARM.Collect$$rtentry$$00000000) refers (Special) to __rtentry2.o(.ARM.Collect$$rtentry$$00000002) for __rt_entry_presh_1
    __rtentry.o(.ARM.Collect$$rtentry$$00000000) refers (Special) to __rtentry4.o(.ARM.Collect$$rtentry$$00000004) for __rt_entry_sh
    aeabi_ldiv0_sigfpe.o(.text) refers to rt_div0.o(.text) for __rt_div0
    _printf_intcommon.o(.text) refers (Weak) to _printf_pad.o(.text) for _printf_pre_padding
    _printf_intcommon.o(.text) refers (Weak) to _printf_pad.o(.text) for _printf_pre_padding
    _printf_intcommon.o(.text) refers (Weak) to _printf_pad.o(.text) for _printf_post_padding
    _printf_char_common.o(.text) refers to __printf_flags_wp.o(.text) for __printf
    libinit2.o(.ARM.Collect$$libinit$$0000000D) refers (Weak) to rand.o(.text) for _rand_init
    libinit2.o(.ARM.Collect$$libinit$$00000010) refers to libinit2.o(.ARM.Collect$$libinit$$0000000F) for .ARM.Collect$$libinit$$0000000F
    libinit2.o(.ARM.Collect$$libinit$$00000012) refers to libinit2.o(.ARM.Collect$$libinit$$0000000F) for .ARM.Collect$$libinit$$0000000F
    libinit2.o(.ARM.Collect$$libinit$$00000014) refers to libinit2.o(.ARM.Collect$$libinit$$0000000F) for .ARM.Collect$$libinit$$0000000F
    libinit2.o(.ARM.Collect$$libinit$$00000016) refers to libinit2.o(.ARM.Collect$$libinit$$0000000F) for .ARM.Collect$$libinit$$0000000F
    libinit2.o(.ARM.Collect$$libinit$$00000018) refers to libinit2.o(.ARM.Collect$$libinit$$0000000F) for .ARM.Collect$$libinit$$0000000F
    libinit2.o(.ARM.Collect$$libinit$$00000026) refers to argv_veneer.o(.emb_text) for __ARM_argv_veneer
    libinit2.o(.ARM.Collect$$libinit$$00000027) refers to argv_veneer.o(.emb_text) for __ARM_argv_veneer
    __rtentry2.o(.ARM.Collect$$rtentry$$00000008) refers to boardinit2.o(.text) for _platform_post_stackheap_init
    __rtentry2.o(.ARM.Collect$$rtentry$$0000000A) refers to libinit.o(.ARM.Collect$$libinit$$00000000) for __rt_lib_init
    __rtentry2.o(.ARM.Collect$$rtentry$$0000000B) refers to boardinit3.o(.text) for _platform_post_lib_init
    __rtentry2.o(.ARM.Collect$$rtentry$$0000000D) refers to main.o(.text) for main
    __rtentry2.o(.ARM.Collect$$rtentry$$0000000D) refers to exit.o(.text) for exit
    __rtentry2.o(.ARM.exidx) refers to __rtentry2.o(.ARM.Collect$$rtentry$$00000001) for .ARM.Collect$$rtentry$$00000001
    __rtentry2.o(.ARM.exidx) refers to __rtentry2.o(.ARM.Collect$$rtentry$$00000008) for .ARM.Collect$$rtentry$$00000008
    __rtentry2.o(.ARM.exidx) refers to __rtentry2.o(.ARM.Collect$$rtentry$$0000000A) for .ARM.Collect$$rtentry$$0000000A
    __rtentry2.o(.ARM.exidx) refers to __rtentry2.o(.ARM.Collect$$rtentry$$0000000B) for .ARM.Collect$$rtentry$$0000000B
    __rtentry2.o(.ARM.exidx) refers to __rtentry2.o(.ARM.Collect$$rtentry$$0000000D) for .ARM.Collect$$rtentry$$0000000D
    __rtentry4.o(.ARM.Collect$$rtentry$$00000004) refers to sys_stackheap_outer.o(.text) for __user_setup_stackheap
    __rtentry4.o(.ARM.exidx) refers to __rtentry4.o(.ARM.Collect$$rtentry$$00000004) for .ARM.Collect$$rtentry$$00000004
    rt_div0.o(.text) refers to defsig_fpe_outer.o(.text) for __rt_SIGFPE
    argv_veneer.o(.emb_text) refers to no_argv.o(.text) for __ARM_get_argv
    sys_stackheap_outer.o(.text) refers to libspace.o(.text) for __user_perproc_libspace
    sys_stackheap_outer.o(.text) refers to startup_lpc17xx.o(.text) for __user_initial_stackheap
    exit.o(.text) refers to rtexit.o(.ARM.Collect$$rtexit$$00000000) for __rt_exit
    defsig_fpe_outer.o(.text) refers to defsig_fpe_inner.o(.text) for __rt_SIGFPE_inner
    defsig_fpe_outer.o(.text) refers to defsig_exit.o(.text) for __sig_exit
    defsig_fpe_formal.o(.text) refers to rt_raise.o(.text) for __rt_raise
    _get_argv_nomalloc.o(.text) refers (Special) to hrguard.o(.text) for __heap_region$guard
    _get_argv_nomalloc.o(.text) refers to defsig_rtmem_outer.o(.text) for __rt_SIGRTMEM
    _get_argv_nomalloc.o(.text) refers to sys_command.o(.text) for _sys_command_string
    libinit.o(.ARM.Collect$$libinit$$00000000) refers (Special) to libinit2.o(.ARM.Collect$$libinit$$0000002E) for __rt_lib_init_alloca_1
    libinit.o(.ARM.Collect$$libinit$$00000000) refers (Special) to libinit2.o(.ARM.Collect$$libinit$$0000002C) for __rt_lib_init_argv_1
    libinit.o(.ARM.Collect$$libinit$$00000000) refers (Special) to libinit2.o(.ARM.Collect$$libinit$$0000001B) for __rt_lib_init_atexit_1
    libinit.o(.ARM.Collect$$libinit$$00000000) refers (Special) to libinit2.o(.ARM.Collect$$libinit$$00000021) for __rt_lib_init_clock_1
    libinit.o(.ARM.Collect$$libinit$$00000000) refers (Special) to libinit2.o(.ARM.Collect$$libinit$$00000032) for __rt_lib_init_cpp_1
    libinit.o(.ARM.Collect$$libinit$$00000000) refers (Special) to libinit2.o(.ARM.Collect$$libinit$$00000030) for __rt_lib_init_exceptions_1
    libinit.o(.ARM.Collect$$libinit$$00000000) refers (Special) to libinit2.o(.ARM.Collect$$libinit$$00000002) for __rt_lib_init_fp_1
    libinit.o(.ARM.Collect$$libinit$$00000000) refers (Special) to libinit2.o(.ARM.Collect$$libinit$$0000001F) for __rt_lib_init_fp_trap_1
    libinit.o(.ARM.Collect$$libinit$$00000000) refers (Special) to libinit2.o(.ARM.Collect$$libinit$$00000023) for __rt_lib_init_getenv_1
    libinit.o(.ARM.Collect$$libinit$$00000000) refers (Special) to libinit2.o(.ARM.Collect$$libinit$$0000000A) for __rt_lib_init_heap_1
    libinit.o(.ARM.Collect$$libinit$$00000000) refers (Special) to libinit2.o(.ARM.Collect$$libinit$$00000011) for __rt_lib_init_lc_collate_1
    libinit.o(.ARM.Collect$$libinit$$00000000) refers (Special) to libinit2.o(.ARM.Collect$$libinit$$00000013) for __rt_lib_init_lc_ctype_1
    libinit.o(.ARM.Collect$$libinit$$00000000) refers (Special) to libinit2.o(.ARM.Collect$$libinit$$00000015) for __rt_lib_init_lc_monetary_1
    libinit.o(.ARM.Collect$$libinit$$00000000) refers (Special) to libinit2.o(.ARM.Collect$$libinit$$00000017) for __rt_lib_init_lc_numeric_1
    libinit.o(.ARM.Collect$$libinit$$00000000) refers (Special) to libinit2.o(.ARM.Collect$$libinit$$00000019) for __rt_lib_init_lc_time_1
    libinit.o(.ARM.Collect$$libinit$$00000000) refers (Special) to libinit2.o(.ARM.Collect$$libinit$$00000004) for __rt_lib_init_preinit_1
    libinit.o(.ARM.Collect$$libinit$$00000000) refers (Special) to libinit2.o(.ARM.Collect$$libinit$$0000000E) for __rt_lib_init_rand_1
    libinit.o(.ARM.Collect$$libinit$$00000000) refers (Special) to libinit2.o(.ARM.Collect$$libinit$$00000033) for __rt_lib_init_return
    libinit.o(.ARM.Collect$$libinit$$00000000) refers (Special) to libinit2.o(.ARM.Collect$$libinit$$0000001D) for __rt_lib_init_signal_1
    libinit.o(.ARM.Collect$$libinit$$00000000) refers (Special) to libinit2.o(.ARM.Collect$$libinit$$00000025) for __rt_lib_init_stdio_1
    libinit.o(.ARM.Collect$$libinit$$00000000) refers (Special) to libinit2.o(.ARM.Collect$$libinit$$0000000C) for __rt_lib_init_user_alloc_1
    sys_command.o(.text) refers (Special) to use_no_semi.o(.text) for __I$use$semihosting
    sys_command.o(.text) refers (Special) to indicate_semi.o(.text) for __semihosting_library_function
    libspace.o(.text) refers to libspace.o(.bss) for __libspace_start
    rtexit.o(.ARM.Collect$$rtexit$$00000000) refers (Special) to rtexit2.o(.ARM.Collect$$rtexit$$00000004) for __rt_exit_exit
    rtexit.o(.ARM.Collect$$rtexit$$00000000) refers (Special) to rtexit2.o(.ARM.Collect$$rtexit$$00000003) for __rt_exit_ls
    rtexit.o(.ARM.Collect$$rtexit$$00000000) refers (Special) to rtexit2.o(.ARM.Collect$$rtexit$$00000002) for __rt_exit_prels_1
    rtexit.o(.ARM.exidx) refers (Special) to rtexit2.o(.ARM.Collect$$rtexit$$00000004) for __rt_exit_exit
    rtexit.o(.ARM.exidx) refers (Special) to rtexit2.o(.ARM.Collect$$rtexit$$00000003) for __rt_exit_ls
    rtexit.o(.ARM.exidx) refers (Special) to rtexit2.o(.ARM.Collect$$rtexit$$00000002) for __rt_exit_prels_1
    rtexit.o(.ARM.exidx) refers to rtexit.o(.ARM.Collect$$rtexit$$00000000) for .ARM.Collect$$rtexit$$00000000
    rt_raise.o(.text) refers to __raise.o(.text) for __raise
    rt_raise.o(.text) refers to sys_exit.o(.text) for _sys_exit
    defsig_exit.o(.text) refers to sys_exit.o(.text) for _sys_exit
    defsig_fpe_inner.o(.text) refers to defsig_general.o(.text) for __default_signal_display
    defsig_rtmem_outer.o(.text) refers to defsig_rtmem_inner.o(.text) for __rt_SIGRTMEM_inner
    defsig_rtmem_outer.o(.text) refers to defsig_exit.o(.text) for __sig_exit
    defsig_rtmem_formal.o(.text) refers to rt_raise.o(.text) for __rt_raise
    sys_exit.o(.text) refers (Special) to use_no_semi.o(.text) for __I$use$semihosting
    sys_exit.o(.text) refers (Special) to indicate_semi.o(.text) for __semihosting_library_function
    rtexit2.o(.ARM.Collect$$rtexit$$00000003) refers to libshutdown.o(.ARM.Collect$$libshutdown$$00000000) for __rt_lib_shutdown
    rtexit2.o(.ARM.Collect$$rtexit$$00000004) refers to sys_exit.o(.text) for _sys_exit
    rtexit2.o(.ARM.exidx) refers to rtexit2.o(.ARM.Collect$$rtexit$$00000001) for .ARM.Collect$$rtexit$$00000001
    rtexit2.o(.ARM.exidx) refers to rtexit2.o(.ARM.Collect$$rtexit$$00000003) for .ARM.Collect$$rtexit$$00000003
    rtexit2.o(.ARM.exidx) refers to rtexit2.o(.ARM.Collect$$rtexit$$00000004) for .ARM.Collect$$rtexit$$00000004
    __raise.o(.text) refers to defsig.o(CL$$defsig) for __default_signal_handler
    defsig_general.o(.text) refers to sys_wrch.o(.text) for _ttywrch
    defsig_rtmem_inner.o(.text) refers to defsig_general.o(.text) for __default_signal_display
    sys_wrch.o(.text) refers (Special) to use_no_semi.o(.text) for __I$use$semihosting
    sys_wrch.o(.text) refers (Special) to indicate_semi.o(.text) for __semihosting_library_function
    defsig.o(CL$$defsig) refers to defsig_fpe_inner.o(.text) for __rt_SIGFPE_inner
    defsig.o(CL$$defsig) refers to defsig_rtmem_inner.o(.text) for __rt_SIGRTMEM_inner
    libshutdown.o(.ARM.Collect$$libshutdown$$00000000) refers (Special) to libshutdown2.o(.ARM.Collect$$libshutdown$$00000004) for __rt_lib_shutdown_cpp_1
    libshutdown.o(.ARM.Collect$$libshutdown$$00000000) refers (Special) to libshutdown2.o(.ARM.Collect$$libshutdown$$00000002) for __rt_lib_shutdown_fini_1
    libshutdown.o(.ARM.Collect$$libshutdown$$00000000) refers (Special) to libshutdown2.o(.ARM.Collect$$libshutdown$$00000009) for __rt_lib_shutdown_fp_trap_1
    libshutdown.o(.ARM.Collect$$libshutdown$$00000000) refers (Special) to libshutdown2.o(.ARM.Collect$$libshutdown$$00000011) for __rt_lib_shutdown_heap_1
    libshutdown.o(.ARM.Collect$$libshutdown$$00000000) refers (Special) to libshutdown2.o(.ARM.Collect$$libshutdown$$00000012) for __rt_lib_shutdown_return
    libshutdown.o(.ARM.Collect$$libshutdown$$00000000) refers (Special) to libshutdown2.o(.ARM.Collect$$libshutdown$$0000000C) for __rt_lib_shutdown_signal_1
    libshutdown.o(.ARM.Collect$$libshutdown$$00000000) refers (Special) to libshutdown2.o(.ARM.Collect$$libshutdown$$00000006) for __rt_lib_shutdown_stdio_1
    libshutdown.o(.ARM.Collect$$libshutdown$$00000000) refers (Special) to libshutdown2.o(.ARM.Collect$$libshutdown$$0000000E) for __rt_lib_shutdown_user_alloc_1
    defsig_abrt_inner.o(.text) refers to defsig_general.o(.text) for __default_signal_display
    defsig_rtred_inner.o(.text) refers to defsig_general.o(.text) for __default_signal_display
    defsig_stak_inner.o(.text) refers to defsig_general.o(.text) for __default_signal_display
    defsig_pvfn_inner.o(.text) refers to defsig_general.o(.text) for __default_signal_display
    defsig_cppl_inner.o(.text) refers to defsig_general.o(.text) for __default_signal_display
    defsig_segv_inner.o(.text) refers to defsig_general.o(.text) for __default_signal_display
    defsig_other.o(.text) refers to defsig_general.o(.text) for __default_signal_display
    ili_lcd_general.o(i.write_cmd) refers to ili_lcd_general.o(i.lcd_send) for lcd_send
    ili_lcd_general.o(i.write_cmd) refers to ili_lcd_general.o(i.wait_delay) for wait_delay
    ili_lcd_general.o(i.read_data) refers to ili_lcd_general.o(i.wait_delay) for wait_delay
    ili_lcd_general.o(i.write_reg) refers to ili_lcd_general.o(i.write_cmd) for write_cmd
    ili_lcd_general.o(i.write_reg) refers to ili_lcd_general.o(.text) for write_data


==============================================================================

Removing Unused input sections from the image.

    Removing system_lpc17xx.o(.emb_text), (8 bytes).
    Removing lpc17xx_clkpwr.o(.emb_text), (8 bytes).
    Removing lpc17xx_gpio.o(.emb_text), (8 bytes).
    Removing lpc17xx_pinsel.o(.emb_text), (8 bytes).
    Removing lpc17xx_timer.o(.emb_text), (8 bytes).
    Removing lpc17xx_timer.o(.text), (1668 bytes).
    Removing lpc17xx_exti.o(.emb_text), (8 bytes).
    Removing lpc17xx_exti.o(.text), (172 bytes).
    Removing lpc17xx_nvic.o(.emb_text), (8 bytes).
    Removing lpc17xx_nvic.o(.text), (156 bytes).
    Removing lpc17xx_ssp.o(.emb_text), (8 bytes).
    Removing lpc17xx_i2c.o(.emb_text), (8 bytes).
    Removing lpc17xx_i2c.o(.text), (2984 bytes).
    Removing lpc17xx_i2c.o(.bss), (48 bytes).
    Removing lpc17xx_i2c.o(.data), (4 bytes).
    Removing main.o(.emb_text), (8 bytes).
    Removing ili_lcd_general.o(.emb_text), (8 bytes).
    Removing lcd_api.o(.emb_text), (8 bytes).
    Removing affichagelcd.o(.emb_text), (8 bytes).
    Removing touch_panel.o(.emb_text), (8 bytes).

20 unused section(s) (total 5144 bytes) removed from the image.

==============================================================================

Image Symbol Table

    Local Symbols

    Symbol Name                              Value     Ov Type        Size  Object(Section)

    RESET                                    0x00000000   Section      204  startup_lpc17xx.o(RESET)
    ../clib/angel/boardlib.s                 0x00000000   Number         0  boardinit1.o ABSOLUTE
    ../clib/angel/boardlib.s                 0x00000000   Number         0  boardshut.o ABSOLUTE
    ../clib/angel/boardlib.s                 0x00000000   Number         0  boardinit2.o ABSOLUTE
    ../clib/angel/boardlib.s                 0x00000000   Number         0  boardinit3.o ABSOLUTE
    ../clib/angel/handlers.s                 0x00000000   Number         0  __scatter_copy.o ABSOLUTE
    ../clib/angel/handlers.s                 0x00000000   Number         0  __scatter_zi.o ABSOLUTE
    ../clib/angel/kernel.s                   0x00000000   Number         0  rtexit2.o ABSOLUTE
    ../clib/angel/kernel.s                   0x00000000   Number         0  __rtentry4.o ABSOLUTE
    ../clib/angel/kernel.s                   0x00000000   Number         0  rtexit.o ABSOLUTE
    ../clib/angel/kernel.s                   0x00000000   Number         0  __rtentry2.o ABSOLUTE
    ../clib/angel/kernel.s                   0x00000000   Number         0  __rtentry.o ABSOLUTE
    ../clib/angel/rt.s                       0x00000000   Number         0  rt_div0.o ABSOLUTE
    ../clib/angel/rt.s                       0x00000000   Number         0  aeabi_ldiv0_sigfpe.o ABSOLUTE
    ../clib/angel/rt.s                       0x00000000   Number         0  aeabi_ldiv0.o ABSOLUTE
    ../clib/angel/rt.s                       0x00000000   Number         0  rt_raise.o ABSOLUTE
    ../clib/angel/scatter.s                  0x00000000   Number         0  __scatter.o ABSOLUTE
    ../clib/angel/startup.s                  0x00000000   Number         0  __main.o ABSOLUTE
    ../clib/angel/sys.s                      0x00000000   Number         0  use_no_semi.o ABSOLUTE
    ../clib/angel/sys.s                      0x00000000   Number         0  libspace.o ABSOLUTE
    ../clib/angel/sys.s                      0x00000000   Number         0  sys_stackheap_outer.o ABSOLUTE
    ../clib/angel/sys.s                      0x00000000   Number         0  indicate_semi.o ABSOLUTE
    ../clib/angel/sysapp.c                   0x00000000   Number         0  sys_time.o ABSOLUTE
    ../clib/angel/sysapp.c                   0x00000000   Number         0  sys_wrch.o ABSOLUTE
    ../clib/angel/sysapp.c                   0x00000000   Number         0  sys_exit.o ABSOLUTE
    ../clib/angel/sysapp.c                   0x00000000   Number         0  sys_command.o ABSOLUTE
    ../clib/armsys.c                         0x00000000   Number         0  no_argv.o ABSOLUTE
    ../clib/armsys.c                         0x00000000   Number         0  _get_argv_nomalloc.o ABSOLUTE
    ../clib/armsys.c                         0x00000000   Number         0  argv_veneer.o ABSOLUTE
    ../clib/armsys.c                         0x00000000   Number         0  argv_veneer.o ABSOLUTE
    ../clib/heapalloc.c                      0x00000000   Number         0  hrguard.o ABSOLUTE
    ../clib/heapaux.c                        0x00000000   Number         0  heapauxi.o ABSOLUTE
    ../clib/libinit.s                        0x00000000   Number         0  libshutdown.o ABSOLUTE
    ../clib/libinit.s                        0x00000000   Number         0  libshutdown2.o ABSOLUTE
    ../clib/libinit.s                        0x00000000   Number         0  libinit2.o ABSOLUTE
    ../clib/libinit.s                        0x00000000   Number         0  libinit.o ABSOLUTE
    ../clib/longlong.s                       0x00000000   Number         0  lludivv7m.o ABSOLUTE
    ../clib/misc.s                           0x00000000   Number         0  printf_stubs.o ABSOLUTE
    ../clib/printf.c                         0x00000000   Number         0  __printf_flags_ss_wp.o ABSOLUTE
    ../clib/printf.c                         0x00000000   Number         0  __printf_ss_wp.o ABSOLUTE
    ../clib/printf.c                         0x00000000   Number         0  _sputc.o ABSOLUTE
    ../clib/printf.c                         0x00000000   Number         0  __printf_flags_wp.o ABSOLUTE
    ../clib/printf.c                         0x00000000   Number         0  __printf_wp.o ABSOLUTE
    ../clib/printf.c                         0x00000000   Number         0  __printf_nopercent.o ABSOLUTE
    ../clib/printf.c                         0x00000000   Number         0  __printf_flags_ss.o ABSOLUTE
    ../clib/printf.c                         0x00000000   Number         0  __printf_ss.o ABSOLUTE
    ../clib/printf.c                         0x00000000   Number         0  __printf_flags.o ABSOLUTE
    ../clib/printf.c                         0x00000000   Number         0  _printf_dec.o ABSOLUTE
    ../clib/printf.c                         0x00000000   Number         0  _printf_pad.o ABSOLUTE
    ../clib/printf.c                         0x00000000   Number         0  noretval__2sprintf.o ABSOLUTE
    ../clib/printf.c                         0x00000000   Number         0  __2sprintf.o ABSOLUTE
    ../clib/printf.c                         0x00000000   Number         0  __printf.o ABSOLUTE
    ../clib/printf.c                         0x00000000   Number         0  _printf_intcommon.o ABSOLUTE
    ../clib/printf.c                         0x00000000   Number         0  _printf_char_common.o ABSOLUTE
    ../clib/printf_percent.s                 0x00000000   Number         0  _printf_d.o ABSOLUTE
    ../clib/printf_percent.s                 0x00000000   Number         0  _printf_percent_end.o ABSOLUTE
    ../clib/printf_percent.s                 0x00000000   Number         0  _printf_percent.o ABSOLUTE
    ../clib/signal.c                         0x00000000   Number         0  defsig_general.o ABSOLUTE
    ../clib/signal.c                         0x00000000   Number         0  defsig_fpe_formal.o ABSOLUTE
    ../clib/signal.c                         0x00000000   Number         0  __raise.o ABSOLUTE
    ../clib/signal.c                         0x00000000   Number         0  defsig_exit.o ABSOLUTE
    ../clib/signal.c                         0x00000000   Number         0  defsig_fpe_inner.o ABSOLUTE
    ../clib/signal.c                         0x00000000   Number         0  defsig_rtmem_outer.o ABSOLUTE
    ../clib/signal.c                         0x00000000   Number         0  defsig_abrt_inner.o ABSOLUTE
    ../clib/signal.c                         0x00000000   Number         0  defsig_fpe_outer.o ABSOLUTE
    ../clib/signal.c                         0x00000000   Number         0  defsig_stak_inner.o ABSOLUTE
    ../clib/signal.c                         0x00000000   Number         0  defsig_pvfn_inner.o ABSOLUTE
    ../clib/signal.c                         0x00000000   Number         0  defsig_cppl_inner.o ABSOLUTE
    ../clib/signal.c                         0x00000000   Number         0  defsig_segv_inner.o ABSOLUTE
    ../clib/signal.c                         0x00000000   Number         0  defsig_other.o ABSOLUTE
    ../clib/signal.c                         0x00000000   Number         0  defsig_rtmem_formal.o ABSOLUTE
    ../clib/signal.c                         0x00000000   Number         0  defsig_rtmem_inner.o ABSOLUTE
    ../clib/signal.c                         0x00000000   Number         0  defsig_rtred_inner.o ABSOLUTE
    ../clib/signal.s                         0x00000000   Number         0  defsig.o ABSOLUTE
    ../clib/stdlib.c                         0x00000000   Number         0  exit.o ABSOLUTE
    ../clib/stdlib.c                         0x00000000   Number         0  rand.o ABSOLUTE
    ../clib/stdlib.c                         0x00000000   Number         0  rand.o ABSOLUTE
    ../fplib/fpinit.s                        0x00000000   Number         0  fpinit.o ABSOLUTE
    ..\Libraries\CM3\CoreSupport\core_cm3.c  0x00000000   Number         0  core_cm3.o ABSOLUTE
    ..\Libraries\CM3\DeviceSupport\NXP\LPC17xx\startup\arm\startup_LPC17xx.s 0x00000000   Number         0  startup_lpc17xx.o ABSOLUTE
    ..\Libraries\CM3\DeviceSupport\NXP\LPC17xx\system_LPC17xx.c 0x00000000   Number         0  system_lpc17xx.o ABSOLUTE
    ..\Libraries\LCP1768_StdPeriph_Driver\source\lpc17xx_clkpwr.c 0x00000000   Number         0  lpc17xx_clkpwr.o ABSOLUTE
    ..\Libraries\LCP1768_StdPeriph_Driver\source\lpc17xx_exti.c 0x00000000   Number         0  lpc17xx_exti.o ABSOLUTE
    ..\Libraries\LCP1768_StdPeriph_Driver\source\lpc17xx_gpio.c 0x00000000   Number         0  lpc17xx_gpio.o ABSOLUTE
    ..\Libraries\LCP1768_StdPeriph_Driver\source\lpc17xx_i2c.c 0x00000000   Number         0  lpc17xx_i2c.o ABSOLUTE
    ..\Libraries\LCP1768_StdPeriph_Driver\source\lpc17xx_nvic.c 0x00000000   Number         0  lpc17xx_nvic.o ABSOLUTE
    ..\Libraries\LCP1768_StdPeriph_Driver\source\lpc17xx_pinsel.c 0x00000000   Number         0  lpc17xx_pinsel.o ABSOLUTE
    ..\Libraries\LCP1768_StdPeriph_Driver\source\lpc17xx_ssp.c 0x00000000   Number         0  lpc17xx_ssp.o ABSOLUTE
    ..\Libraries\LCP1768_StdPeriph_Driver\source\lpc17xx_timer.c 0x00000000   Number         0  lpc17xx_timer.o ABSOLUTE
    ..\User\affichagelcd.c                   0x00000000   Number         0  affichagelcd.o ABSOLUTE
    ..\User\main.c                           0x00000000   Number         0  main.o ABSOLUTE
    ..\User\touch\english_16x8.c             0x00000000   Number         0  english_16x8.o ABSOLUTE
    ..\User\touch\ili_lcd_general.c          0x00000000   Number         0  ili_lcd_general.o ABSOLUTE
    ..\User\touch\lcd_api.c                  0x00000000   Number         0  lcd_api.o ABSOLUTE
    ..\User\touch\touch_panel.c              0x00000000   Number         0  touch_panel.o ABSOLUTE
    ..\\Libraries\\CM3\\DeviceSupport\\NXP\\LPC17xx\\system_LPC17xx.c 0x00000000   Number         0  system_lpc17xx.o ABSOLUTE
    ..\\Libraries\\LCP1768_StdPeriph_Driver\\source\\lpc17xx_clkpwr.c 0x00000000   Number         0  lpc17xx_clkpwr.o ABSOLUTE
    ..\\Libraries\\LCP1768_StdPeriph_Driver\\source\\lpc17xx_exti.c 0x00000000   Number         0  lpc17xx_exti.o ABSOLUTE
    ..\\Libraries\\LCP1768_StdPeriph_Driver\\source\\lpc17xx_gpio.c 0x00000000   Number         0  lpc17xx_gpio.o ABSOLUTE
    ..\\Libraries\\LCP1768_StdPeriph_Driver\\source\\lpc17xx_i2c.c 0x00000000   Number         0  lpc17xx_i2c.o ABSOLUTE
    ..\\Libraries\\LCP1768_StdPeriph_Driver\\source\\lpc17xx_nvic.c 0x00000000   Number         0  lpc17xx_nvic.o ABSOLUTE
    ..\\Libraries\\LCP1768_StdPeriph_Driver\\source\\lpc17xx_pinsel.c 0x00000000   Number         0  lpc17xx_pinsel.o ABSOLUTE
    ..\\Libraries\\LCP1768_StdPeriph_Driver\\source\\lpc17xx_ssp.c 0x00000000   Number         0  lpc17xx_ssp.o ABSOLUTE
    ..\\Libraries\\LCP1768_StdPeriph_Driver\\source\\lpc17xx_timer.c 0x00000000   Number         0  lpc17xx_timer.o ABSOLUTE
    ..\\User\\affichagelcd.c                 0x00000000   Number         0  affichagelcd.o ABSOLUTE
    ..\\User\\main.c                         0x00000000   Number         0  main.o ABSOLUTE
    ..\\User\\touch\\ili_lcd_general.c       0x00000000   Number         0  ili_lcd_general.o ABSOLUTE
    ..\\User\\touch\\lcd_api.c               0x00000000   Number         0  lcd_api.o ABSOLUTE
    ..\\User\\touch\\touch_panel.c           0x00000000   Number         0  touch_panel.o ABSOLUTE
    dc.s                                     0x00000000   Number         0  dc.o ABSOLUTE
    !!!main                                  0x000000cc   Section        8  __main.o(!!!main)
    !!!scatter                               0x000000d4   Section       52  __scatter.o(!!!scatter)
    !!handler_copy                           0x00000108   Section       26  __scatter_copy.o(!!handler_copy)
    !!handler_zi                             0x00000124   Section       28  __scatter_zi.o(!!handler_zi)
    .ARM.Collect$$_printf_percent$$00000000  0x00000140   Section        0  _printf_percent.o(.ARM.Collect$$_printf_percent$$00000000)
    .ARM.Collect$$_printf_percent$$00000009  0x00000140   Section        6  _printf_d.o(.ARM.Collect$$_printf_percent$$00000009)
    .ARM.Collect$$_printf_percent$$00000017  0x00000146   Section        4  _printf_percent_end.o(.ARM.Collect$$_printf_percent$$00000017)
    .ARM.Collect$$libinit$$00000000          0x0000014a   Section        2  libinit.o(.ARM.Collect$$libinit$$00000000)
    .ARM.Collect$$libinit$$00000002          0x0000014c   Section        0  libinit2.o(.ARM.Collect$$libinit$$00000002)
    .ARM.Collect$$libinit$$00000004          0x0000014c   Section        0  libinit2.o(.ARM.Collect$$libinit$$00000004)
    .ARM.Collect$$libinit$$0000000A          0x0000014c   Section        0  libinit2.o(.ARM.Collect$$libinit$$0000000A)
    .ARM.Collect$$libinit$$0000000C          0x0000014c   Section        0  libinit2.o(.ARM.Collect$$libinit$$0000000C)
    .ARM.Collect$$libinit$$0000000D          0x0000014c   Section        4  libinit2.o(.ARM.Collect$$libinit$$0000000D)
    .ARM.Collect$$libinit$$0000000E          0x00000150   Section        0  libinit2.o(.ARM.Collect$$libinit$$0000000E)
    .ARM.Collect$$libinit$$00000011          0x00000150   Section        0  libinit2.o(.ARM.Collect$$libinit$$00000011)
    .ARM.Collect$$libinit$$00000013          0x00000150   Section        0  libinit2.o(.ARM.Collect$$libinit$$00000013)
    .ARM.Collect$$libinit$$00000015          0x00000150   Section        0  libinit2.o(.ARM.Collect$$libinit$$00000015)
    .ARM.Collect$$libinit$$00000017          0x00000150   Section        0  libinit2.o(.ARM.Collect$$libinit$$00000017)
    .ARM.Collect$$libinit$$00000019          0x00000150   Section        0  libinit2.o(.ARM.Collect$$libinit$$00000019)
    .ARM.Collect$$libinit$$0000001B          0x00000150   Section        0  libinit2.o(.ARM.Collect$$libinit$$0000001B)
    .ARM.Collect$$libinit$$0000001D          0x00000150   Section        0  libinit2.o(.ARM.Collect$$libinit$$0000001D)
    .ARM.Collect$$libinit$$0000001F          0x00000150   Section        0  libinit2.o(.ARM.Collect$$libinit$$0000001F)
    .ARM.Collect$$libinit$$00000021          0x00000150   Section        0  libinit2.o(.ARM.Collect$$libinit$$00000021)
    .ARM.Collect$$libinit$$00000023          0x00000150   Section        0  libinit2.o(.ARM.Collect$$libinit$$00000023)
    .ARM.Collect$$libinit$$00000025          0x00000150   Section        0  libinit2.o(.ARM.Collect$$libinit$$00000025)
    .ARM.Collect$$libinit$$0000002C          0x00000150   Section        0  libinit2.o(.ARM.Collect$$libinit$$0000002C)
    .ARM.Collect$$libinit$$0000002E          0x00000150   Section        0  libinit2.o(.ARM.Collect$$libinit$$0000002E)
    .ARM.Collect$$libinit$$00000030          0x00000150   Section        0  libinit2.o(.ARM.Collect$$libinit$$00000030)
    .ARM.Collect$$libinit$$00000032          0x00000150   Section        0  libinit2.o(.ARM.Collect$$libinit$$00000032)
    .ARM.Collect$$libinit$$00000033          0x00000150   Section        2  libinit2.o(.ARM.Collect$$libinit$$00000033)
    .ARM.Collect$$libshutdown$$00000000      0x00000152   Section        2  libshutdown.o(.ARM.Collect$$libshutdown$$00000000)
    .ARM.Collect$$libshutdown$$00000002      0x00000154   Section        0  libshutdown2.o(.ARM.Collect$$libshutdown$$00000002)
    .ARM.Collect$$libshutdown$$00000004      0x00000154   Section        0  libshutdown2.o(.ARM.Collect$$libshutdown$$00000004)
    .ARM.Collect$$libshutdown$$00000006      0x00000154   Section        0  libshutdown2.o(.ARM.Collect$$libshutdown$$00000006)
    .ARM.Collect$$libshutdown$$00000009      0x00000154   Section        0  libshutdown2.o(.ARM.Collect$$libshutdown$$00000009)
    .ARM.Collect$$libshutdown$$0000000C      0x00000154   Section        0  libshutdown2.o(.ARM.Collect$$libshutdown$$0000000C)
    .ARM.Collect$$libshutdown$$0000000E      0x00000154   Section        0  libshutdown2.o(.ARM.Collect$$libshutdown$$0000000E)
    .ARM.Collect$$libshutdown$$00000011      0x00000154   Section        0  libshutdown2.o(.ARM.Collect$$libshutdown$$00000011)
    .ARM.Collect$$libshutdown$$00000012      0x00000154   Section        2  libshutdown2.o(.ARM.Collect$$libshutdown$$00000012)
    .ARM.Collect$$rtentry$$00000000          0x00000156   Section        0  __rtentry.o(.ARM.Collect$$rtentry$$00000000)
    .ARM.Collect$$rtentry$$00000002          0x00000156   Section        0  __rtentry2.o(.ARM.Collect$$rtentry$$00000002)
    .ARM.Collect$$rtentry$$00000004          0x00000156   Section        6  __rtentry4.o(.ARM.Collect$$rtentry$$00000004)
    .ARM.Collect$$rtentry$$00000009          0x0000015c   Section        0  __rtentry2.o(.ARM.Collect$$rtentry$$00000009)
    .ARM.Collect$$rtentry$$0000000A          0x0000015c   Section        4  __rtentry2.o(.ARM.Collect$$rtentry$$0000000A)
    .ARM.Collect$$rtentry$$0000000C          0x00000160   Section        0  __rtentry2.o(.ARM.Collect$$rtentry$$0000000C)
    .ARM.Collect$$rtentry$$0000000D          0x00000160   Section        8  __rtentry2.o(.ARM.Collect$$rtentry$$0000000D)
    .ARM.Collect$$rtexit$$00000000           0x00000168   Section        2  rtexit.o(.ARM.Collect$$rtexit$$00000000)
    .ARM.Collect$$rtexit$$00000002           0x0000016a   Section        0  rtexit2.o(.ARM.Collect$$rtexit$$00000002)
    .ARM.Collect$$rtexit$$00000003           0x0000016a   Section        4  rtexit2.o(.ARM.Collect$$rtexit$$00000003)
    .ARM.Collect$$rtexit$$00000004           0x0000016e   Section        6  rtexit2.o(.ARM.Collect$$rtexit$$00000004)
    .emb_text                                0x00000174   Section       52  rand.o(.emb_text)
    .text                                    0x000001a8   Section       60  startup_lpc17xx.o(.text)
    .text                                    0x000001e4   Section        0  lpc17xx_pinsel.o(.text)
    set_PinFunc                              0x000001e5   Thumb Code    60  lpc17xx_pinsel.o(.text)
    set_ResistorMode                         0x00000221   Thumb Code    62  lpc17xx_pinsel.o(.text)
    set_OpenDrainMode                        0x0000025f   Thumb Code    44  lpc17xx_pinsel.o(.text)
    .text                                    0x000002e4   Section        0  sys_time.o(.text)
    .text                                    0x000002f6   Section        0  heapauxi.o(.text)
    .ARM.__at_0x02FC                         0x000002fc   Section        4  startup_lpc17xx.o(.ARM.__at_0x02FC)
    .text                                    0x00000300   Section        0  system_lpc17xx.o(.text)
    .text                                    0x00000580   Section        0  lpc17xx_clkpwr.o(.text)
    .text                                    0x000006c0   Section        0  lpc17xx_gpio.o(.text)
    GPIO_GetPointer                          0x000006c1   Thumb Code    52  lpc17xx_gpio.o(.text)
    FIO_HalfWordGetPointer                   0x000006f5   Thumb Code    52  lpc17xx_gpio.o(.text)
    FIO_ByteGetPointer                       0x00000729   Thumb Code    52  lpc17xx_gpio.o(.text)
    .text                                    0x00000acc   Section        0  lpc17xx_ssp.o(.text)
    setSSPclock                              0x00000acd   Thumb Code   130  lpc17xx_ssp.o(.text)
    .text                                    0x0000119c   Section        0  main.o(.text)
    .text                                    0x000012fc   Section        0  ili_lcd_general.o(.text)
    delay                                    0x000012fd   Thumb Code    14  ili_lcd_general.o(.text)
    lcd_port_init                            0x0000130b   Thumb Code    48  ili_lcd_general.o(.text)
    .text                                    0x00001e10   Section        0  lcd_api.o(.text)
    .text                                    0x00001ec0   Section        0  affichagelcd.o(.text)
    .text                                    0x00001fb0   Section        0  touch_panel.o(.text)
    .text                                    0x00002388   Section        0  __2sprintf.o(.text)
    .text                                    0x000023b4   Section        0  _printf_pad.o(.text)
    .text                                    0x00002404   Section        0  _printf_dec.o(.text)
    .text                                    0x0000247c   Section        0  __printf_flags_wp.o(.text)
    .text                                    0x000025b4   Section        0  rand.o(.text)
    .text                                    0x000025f0   Section        2  use_no_semi.o(.text)
    .text                                    0x000025f2   Section        0  indicate_semi.o(.text)
    .text                                    0x000025f2   Section        0  _printf_intcommon.o(.text)
    .text                                    0x000026a4   Section        0  _printf_char_common.o(.text)
    _printf_input_char                       0x000026a5   Thumb Code    10  _printf_char_common.o(.text)
    .text                                    0x000026d4   Section        0  _sputc.o(.text)
    .text                                    0x000026de   Section       74  sys_stackheap_outer.o(.text)
    .text                                    0x00002728   Section        0  exit.o(.text)
    .text                                    0x0000273c   Section        8  libspace.o(.text)
    .text                                    0x00002744   Section        0  sys_exit.o(.text)
    i._is_digit                              0x00002750   Section        0  __printf_wp.o(i._is_digit)
    i.lcd_send                               0x00002760   Section        0  ili_lcd_general.o(i.lcd_send)
    i.read_data                              0x0000278c   Section        0  ili_lcd_general.o(i.read_data)
    i.wait_delay                             0x00002804   Section        0  ili_lcd_general.o(i.wait_delay)
    i.write_cmd                              0x00002818   Section        0  ili_lcd_general.o(i.write_cmd)
    i.write_reg                              0x00002858   Section        0  ili_lcd_general.o(i.write_reg)
    .constdata                               0x0000286c   Section     1520  english_16x8.o(.constdata)
    .constdata                               0x00002e5c   Section       17  __printf_flags_wp.o(.constdata)
    maptable                                 0x00002e5c   Data          17  __printf_flags_wp.o(.constdata)
    STACK                                    0x10000000   Section      512  startup_lpc17xx.o(STACK)
    Stack_Mem                                0x10000000   Data         512  startup_lpc17xx.o(STACK)
    __initial_sp                             0x10000200   Data           0  startup_lpc17xx.o(STACK)
    .data                                    0x2007c000   Section        4  system_lpc17xx.o(.data)
    .data                                    0x2007c004   Section        4  main.o(.data)
    .data                                    0x2007c008   Section        2  ili_lcd_general.o(.data)
    deviceid                                 0x2007c008   Data           2  ili_lcd_general.o(.data)
    .bss                                     0x2007c00c   Section       30  main.o(.bss)
    .bss                                     0x2007c02c   Section       24  touch_panel.o(.bss)
    .bss                                     0x2007c044   Section      228  rand.o(.bss)
    .bss                                     0x2007c128   Section       96  libspace.o(.bss)
    HEAP                                     0x2007c188   Section        0  startup_lpc17xx.o(HEAP)
    Heap_Mem                                 0x2007c188   Data           0  startup_lpc17xx.o(HEAP)

    Global Symbols

    Symbol Name                              Value     Ov Type        Size  Object(Section)

    BuildAttributes$$THM_ISAv4$P$D$K$B$S$PE$A:L22UL41UL21$X:L11$S22US41US21$IEEE1$IW$USESV6$~STKCKD$USESV7$ENUMINT$~SHL$OSPACE$ROPI$EBA8$UX$STANDARDLIB$REQ8$PRES8$EABIv2 0x00000000   Number         0  anon$$obj.o ABSOLUTE
    __ARM_use_no_argv                        0x00000000   Number         0  main.o ABSOLUTE
    __Vectors                                0x00000000   Data           4  startup_lpc17xx.o(RESET)
    _printf_flags                            0x00000000   Number         0  printf_stubs.o ABSOLUTE
    _printf_return_value                     0x00000000   Number         0  printf_stubs.o ABSOLUTE
    _printf_sizespec                         0x00000000   Number         0  printf_stubs.o ABSOLUTE
    _printf_widthprec                        0x00000000   Number         0  printf_stubs.o ABSOLUTE
    __ARM_exceptions_init                     - Undefined Weak Reference
    __alloca_initialize                       - Undefined Weak Reference
    __arm_fini_                               - Undefined Weak Reference
    __arm_preinit_                            - Undefined Weak Reference
    __cpp_initialize__aeabi_                  - Undefined Weak Reference
    __cxa_finalize                            - Undefined Weak Reference
    __rt_locale                               - Undefined Weak Reference
    __sigvec_lookup                           - Undefined Weak Reference
    _atexit_init                              - Undefined Weak Reference
    _call_atexit_fns                          - Undefined Weak Reference
    _clock_init                               - Undefined Weak Reference
    _fp_trap_init                             - Undefined Weak Reference
    _fp_trap_shutdown                         - Undefined Weak Reference
    _get_lc_collate                           - Undefined Weak Reference
    _get_lc_ctype                             - Undefined Weak Reference
    _get_lc_monetary                          - Undefined Weak Reference
    _get_lc_numeric                           - Undefined Weak Reference
    _get_lc_time                              - Undefined Weak Reference
    _getenv_init                              - Undefined Weak Reference
    _handle_redirection                       - Undefined Weak Reference
    _init_alloc                               - Undefined Weak Reference
    _init_user_alloc                          - Undefined Weak Reference
    _initio                                   - Undefined Weak Reference
    _printf_truncate_signed                   - Undefined Weak Reference
    _printf_truncate_unsigned                 - Undefined Weak Reference
    _signal_finish                            - Undefined Weak Reference
    _signal_init                              - Undefined Weak Reference
    _terminate_alloc                          - Undefined Weak Reference
    _terminate_user_alloc                     - Undefined Weak Reference
    _terminateio                              - Undefined Weak Reference
    __main                                   0x000000cd   Thumb Code     8  __main.o(!!!main)
    __scatterload                            0x000000d5   Thumb Code     0  __scatter.o(!!!scatter)
    __scatterload_rt2                        0x000000d5   Thumb Code    44  __scatter.o(!!!scatter)
    __scatterload_rt2_thumb_only             0x000000d5   Thumb Code     0  __scatter.o(!!!scatter)
    __scatterload_null                       0x000000e3   Thumb Code     0  __scatter.o(!!!scatter)
    __scatterload_copy                       0x00000109   Thumb Code    26  __scatter_copy.o(!!handler_copy)
    __scatterload_zeroinit                   0x00000125   Thumb Code    28  __scatter_zi.o(!!handler_zi)
    _printf_d                                0x00000141   Thumb Code     0  _printf_d.o(.ARM.Collect$$_printf_percent$$00000009)
    _printf_percent                          0x00000141   Thumb Code     0  _printf_percent.o(.ARM.Collect$$_printf_percent$$00000000)
    _printf_percent_end                      0x00000147   Thumb Code     0  _printf_percent_end.o(.ARM.Collect$$_printf_percent$$00000017)
    __rt_lib_init                            0x0000014b   Thumb Code     0  libinit.o(.ARM.Collect$$libinit$$00000000)
    __rt_lib_init_fp_1                       0x0000014d   Thumb Code     0  libinit2.o(.ARM.Collect$$libinit$$00000002)
    __rt_lib_init_heap_1                     0x0000014d   Thumb Code     0  libinit2.o(.ARM.Collect$$libinit$$0000000A)
    __rt_lib_init_preinit_1                  0x0000014d   Thumb Code     0  libinit2.o(.ARM.Collect$$libinit$$00000004)
    __rt_lib_init_rand_2                     0x0000014d   Thumb Code     0  libinit2.o(.ARM.Collect$$libinit$$0000000D)
    __rt_lib_init_user_alloc_1               0x0000014d   Thumb Code     0  libinit2.o(.ARM.Collect$$libinit$$0000000C)
    __rt_lib_init_alloca_1                   0x00000151   Thumb Code     0  libinit2.o(.ARM.Collect$$libinit$$0000002E)
    __rt_lib_init_argv_1                     0x00000151   Thumb Code     0  libinit2.o(.ARM.Collect$$libinit$$0000002C)
    __rt_lib_init_atexit_1                   0x00000151   Thumb Code     0  libinit2.o(.ARM.Collect$$libinit$$0000001B)
    __rt_lib_init_clock_1                    0x00000151   Thumb Code     0  libinit2.o(.ARM.Collect$$libinit$$00000021)
    __rt_lib_init_cpp_1                      0x00000151   Thumb Code     0  libinit2.o(.ARM.Collect$$libinit$$00000032)
    __rt_lib_init_exceptions_1               0x00000151   Thumb Code     0  libinit2.o(.ARM.Collect$$libinit$$00000030)
    __rt_lib_init_fp_trap_1                  0x00000151   Thumb Code     0  libinit2.o(.ARM.Collect$$libinit$$0000001F)
    __rt_lib_init_getenv_1                   0x00000151   Thumb Code     0  libinit2.o(.ARM.Collect$$libinit$$00000023)
    __rt_lib_init_lc_collate_1               0x00000151   Thumb Code     0  libinit2.o(.ARM.Collect$$libinit$$00000011)
    __rt_lib_init_lc_ctype_1                 0x00000151   Thumb Code     0  libinit2.o(.ARM.Collect$$libinit$$00000013)
    __rt_lib_init_lc_monetary_1              0x00000151   Thumb Code     0  libinit2.o(.ARM.Collect$$libinit$$00000015)
    __rt_lib_init_lc_numeric_1               0x00000151   Thumb Code     0  libinit2.o(.ARM.Collect$$libinit$$00000017)
    __rt_lib_init_lc_time_1                  0x00000151   Thumb Code     0  libinit2.o(.ARM.Collect$$libinit$$00000019)
    __rt_lib_init_rand_1                     0x00000151   Thumb Code     0  libinit2.o(.ARM.Collect$$libinit$$0000000E)
    __rt_lib_init_return                     0x00000151   Thumb Code     0  libinit2.o(.ARM.Collect$$libinit$$00000033)
    __rt_lib_init_signal_1                   0x00000151   Thumb Code     0  libinit2.o(.ARM.Collect$$libinit$$0000001D)
    __rt_lib_init_stdio_1                    0x00000151   Thumb Code     0  libinit2.o(.ARM.Collect$$libinit$$00000025)
    __rt_lib_shutdown                        0x00000153   Thumb Code     0  libshutdown.o(.ARM.Collect$$libshutdown$$00000000)
    __rt_lib_shutdown_cpp_1                  0x00000155   Thumb Code     0  libshutdown2.o(.ARM.Collect$$libshutdown$$00000004)
    __rt_lib_shutdown_fini_1                 0x00000155   Thumb Code     0  libshutdown2.o(.ARM.Collect$$libshutdown$$00000002)
    __rt_lib_shutdown_fp_trap_1              0x00000155   Thumb Code     0  libshutdown2.o(.ARM.Collect$$libshutdown$$00000009)
    __rt_lib_shutdown_heap_1                 0x00000155   Thumb Code     0  libshutdown2.o(.ARM.Collect$$libshutdown$$00000011)
    __rt_lib_shutdown_return                 0x00000155   Thumb Code     0  libshutdown2.o(.ARM.Collect$$libshutdown$$00000012)
    __rt_lib_shutdown_signal_1               0x00000155   Thumb Code     0  libshutdown2.o(.ARM.Collect$$libshutdown$$0000000C)
    __rt_lib_shutdown_stdio_1                0x00000155   Thumb Code     0  libshutdown2.o(.ARM.Collect$$libshutdown$$00000006)
    __rt_lib_shutdown_user_alloc_1           0x00000155   Thumb Code     0  libshutdown2.o(.ARM.Collect$$libshutdown$$0000000E)
    __rt_entry                               0x00000157   Thumb Code     0  __rtentry.o(.ARM.Collect$$rtentry$$00000000)
    __rt_entry_presh_1                       0x00000157   Thumb Code     0  __rtentry2.o(.ARM.Collect$$rtentry$$00000002)
    __rt_entry_sh                            0x00000157   Thumb Code     0  __rtentry4.o(.ARM.Collect$$rtentry$$00000004)
    __rt_entry_li                            0x0000015d   Thumb Code     0  __rtentry2.o(.ARM.Collect$$rtentry$$0000000A)
    __rt_entry_postsh_1                      0x0000015d   Thumb Code     0  __rtentry2.o(.ARM.Collect$$rtentry$$00000009)
    __rt_entry_main                          0x00000161   Thumb Code     0  __rtentry2.o(.ARM.Collect$$rtentry$$0000000D)
    __rt_entry_postli_1                      0x00000161   Thumb Code     0  __rtentry2.o(.ARM.Collect$$rtentry$$0000000C)
    __rt_exit                                0x00000169   Thumb Code     0  rtexit.o(.ARM.Collect$$rtexit$$00000000)
    __rt_exit_ls                             0x0000016b   Thumb Code     0  rtexit2.o(.ARM.Collect$$rtexit$$00000003)
    __rt_exit_prels_1                        0x0000016b   Thumb Code     0  rtexit2.o(.ARM.Collect$$rtexit$$00000002)
    __rt_exit_exit                           0x0000016f   Thumb Code     0  rtexit2.o(.ARM.Collect$$rtexit$$00000004)
    rand                                     0x00000175   Thumb Code    48  rand.o(.emb_text)
    Reset_Handler                            0x000001a9   Thumb Code     8  startup_lpc17xx.o(.text)
    NMI_Handler                              0x000001b1   Thumb Code     2  startup_lpc17xx.o(.text)
    HardFault_Handler                        0x000001b3   Thumb Code     2  startup_lpc17xx.o(.text)
    MemManage_Handler                        0x000001b5   Thumb Code     2  startup_lpc17xx.o(.text)
    BusFault_Handler                         0x000001b7   Thumb Code     2  startup_lpc17xx.o(.text)
    UsageFault_Handler                       0x000001b9   Thumb Code     2  startup_lpc17xx.o(.text)
    SVC_Handler                              0x000001bb   Thumb Code     2  startup_lpc17xx.o(.text)
    DebugMon_Handler                         0x000001bd   Thumb Code     2  startup_lpc17xx.o(.text)
    PendSV_Handler                           0x000001bf   Thumb Code     2  startup_lpc17xx.o(.text)
    SysTick_Handler                          0x000001c1   Thumb Code     2  startup_lpc17xx.o(.text)
    ADC_IRQHandler                           0x000001c3   Thumb Code     0  startup_lpc17xx.o(.text)
    BOD_IRQHandler                           0x000001c3   Thumb Code     0  startup_lpc17xx.o(.text)
    CANActivity_IRQHandler                   0x000001c3   Thumb Code     0  startup_lpc17xx.o(.text)
    CAN_IRQHandler                           0x000001c3   Thumb Code     0  startup_lpc17xx.o(.text)
    DMA_IRQHandler                           0x000001c3   Thumb Code     0  startup_lpc17xx.o(.text)
    EINT0_IRQHandler                         0x000001c3   Thumb Code     0  startup_lpc17xx.o(.text)
    EINT1_IRQHandler                         0x000001c3   Thumb Code     0  startup_lpc17xx.o(.text)
    EINT2_IRQHandler                         0x000001c3   Thumb Code     0  startup_lpc17xx.o(.text)
    EINT3_IRQHandler                         0x000001c3   Thumb Code     0  startup_lpc17xx.o(.text)
    ENET_IRQHandler                          0x000001c3   Thumb Code     0  startup_lpc17xx.o(.text)
    I2C0_IRQHandler                          0x000001c3   Thumb Code     0  startup_lpc17xx.o(.text)
    I2C1_IRQHandler                          0x000001c3   Thumb Code     0  startup_lpc17xx.o(.text)
    I2C2_IRQHandler                          0x000001c3   Thumb Code     0  startup_lpc17xx.o(.text)
    I2S_IRQHandler                           0x000001c3   Thumb Code     0  startup_lpc17xx.o(.text)
    MCPWM_IRQHandler                         0x000001c3   Thumb Code     0  startup_lpc17xx.o(.text)
    PLL0_IRQHandler                          0x000001c3   Thumb Code     0  startup_lpc17xx.o(.text)
    PLL1_IRQHandler                          0x000001c3   Thumb Code     0  startup_lpc17xx.o(.text)
    PWM1_IRQHandler                          0x000001c3   Thumb Code     0  startup_lpc17xx.o(.text)
    QEI_IRQHandler                           0x000001c3   Thumb Code     0  startup_lpc17xx.o(.text)
    RIT_IRQHandler                           0x000001c3   Thumb Code     0  startup_lpc17xx.o(.text)
    RTC_IRQHandler                           0x000001c3   Thumb Code     0  startup_lpc17xx.o(.text)
    SPI_IRQHandler                           0x000001c3   Thumb Code     0  startup_lpc17xx.o(.text)
    SSP0_IRQHandler                          0x000001c3   Thumb Code     0  startup_lpc17xx.o(.text)
    SSP1_IRQHandler                          0x000001c3   Thumb Code     0  startup_lpc17xx.o(.text)
    TIMER0_IRQHandler                        0x000001c3   Thumb Code     0  startup_lpc17xx.o(.text)
    TIMER1_IRQHandler                        0x000001c3   Thumb Code     0  startup_lpc17xx.o(.text)
    TIMER2_IRQHandler                        0x000001c3   Thumb Code     0  startup_lpc17xx.o(.text)
    TIMER3_IRQHandler                        0x000001c3   Thumb Code     0  startup_lpc17xx.o(.text)
    UART0_IRQHandler                         0x000001c3   Thumb Code     0  startup_lpc17xx.o(.text)
    UART1_IRQHandler                         0x000001c3   Thumb Code     0  startup_lpc17xx.o(.text)
    UART2_IRQHandler                         0x000001c3   Thumb Code     0  startup_lpc17xx.o(.text)
    UART3_IRQHandler                         0x000001c3   Thumb Code     0  startup_lpc17xx.o(.text)
    USBActivity_IRQHandler                   0x000001c3   Thumb Code     0  startup_lpc17xx.o(.text)
    USB_IRQHandler                           0x000001c3   Thumb Code     0  startup_lpc17xx.o(.text)
    WDT_IRQHandler                           0x000001c3   Thumb Code     0  startup_lpc17xx.o(.text)
    __user_initial_stackheap                 0x000001c5   Thumb Code     0  startup_lpc17xx.o(.text)
    PINSEL_ConfigTraceFunc                   0x0000028b   Thumb Code    34  lpc17xx_pinsel.o(.text)
    PINSEL_SetI2C0Pins                       0x000002ad   Thumb Code    16  lpc17xx_pinsel.o(.text)
    PINSEL_ConfigPin                         0x000002bd   Thumb Code    36  lpc17xx_pinsel.o(.text)
    time                                     0x000002e5   Thumb Code    18  sys_time.o(.text)
    __use_two_region_memory                  0x000002f7   Thumb Code     2  heapauxi.o(.text)
    __rt_heap_escrow$2region                 0x000002f9   Thumb Code     2  heapauxi.o(.text)
    __rt_heap_expand$2region                 0x000002fb   Thumb Code     2  heapauxi.o(.text)
    SystemCoreClockUpdate                    0x00000301   Thumb Code   300  system_lpc17xx.o(.text)
    SystemInit                               0x0000042d   Thumb Code   308  system_lpc17xx.o(.text)
    CLKPWR_SetPCLKDiv                        0x00000581   Thumb Code    94  lpc17xx_clkpwr.o(.text)
    CLKPWR_GetPCLKSEL                        0x000005df   Thumb Code    34  lpc17xx_clkpwr.o(.text)
    CLKPWR_GetPCLK                           0x00000601   Thumb Code    58  lpc17xx_clkpwr.o(.text)
    CLKPWR_ConfigPPWR                        0x0000063b   Thumb Code    46  lpc17xx_clkpwr.o(.text)
    CLKPWR_Sleep                             0x00000669   Thumb Code    12  lpc17xx_clkpwr.o(.text)
    CLKPWR_DeepSleep                         0x00000675   Thumb Code    18  lpc17xx_clkpwr.o(.text)
    CLKPWR_PowerDown                         0x00000687   Thumb Code    18  lpc17xx_clkpwr.o(.text)
    CLKPWR_DeepPowerDown                     0x00000699   Thumb Code    18  lpc17xx_clkpwr.o(.text)
    GPIO_SetDir                              0x0000075d   Thumb Code    40  lpc17xx_gpio.o(.text)
    GPIO_SetValue                            0x00000785   Thumb Code    20  lpc17xx_gpio.o(.text)
    GPIO_ClearValue                          0x00000799   Thumb Code    20  lpc17xx_gpio.o(.text)
    GPIO_ReadValue                           0x000007ad   Thumb Code    22  lpc17xx_gpio.o(.text)
    GPIO_IntCmd                              0x000007c3   Thumb Code    60  lpc17xx_gpio.o(.text)
    GPIO_GetIntStatus                        0x000007ff   Thumb Code    86  lpc17xx_gpio.o(.text)
    GPIO_ClearInt                            0x00000855   Thumb Code    28  lpc17xx_gpio.o(.text)
    FIO_SetDir                               0x00000871   Thumb Code    20  lpc17xx_gpio.o(.text)
    FIO_SetValue                             0x00000885   Thumb Code    16  lpc17xx_gpio.o(.text)
    FIO_ClearValue                           0x00000895   Thumb Code    16  lpc17xx_gpio.o(.text)
    FIO_ReadValue                            0x000008a5   Thumb Code    12  lpc17xx_gpio.o(.text)
    FIO_IntCmd                               0x000008b1   Thumb Code    20  lpc17xx_gpio.o(.text)
    FIO_GetIntStatus                         0x000008c5   Thumb Code    20  lpc17xx_gpio.o(.text)
    FIO_ClearInt                             0x000008d9   Thumb Code    16  lpc17xx_gpio.o(.text)
    FIO_SetMask                              0x000008e9   Thumb Code    40  lpc17xx_gpio.o(.text)
    FIO_HalfWordSetDir                       0x00000911   Thumb Code    62  lpc17xx_gpio.o(.text)
    FIO_HalfWordSetMask                      0x0000094f   Thumb Code    62  lpc17xx_gpio.o(.text)
    FIO_HalfWordSetValue                     0x0000098d   Thumb Code    32  lpc17xx_gpio.o(.text)
    FIO_HalfWordClearValue                   0x000009ad   Thumb Code    32  lpc17xx_gpio.o(.text)
    FIO_HalfWordReadValue                    0x000009cd   Thumb Code    30  lpc17xx_gpio.o(.text)
    FIO_ByteSetDir                           0x000009eb   Thumb Code    50  lpc17xx_gpio.o(.text)
    FIO_ByteSetMask                          0x00000a1d   Thumb Code    66  lpc17xx_gpio.o(.text)
    FIO_ByteSetValue                         0x00000a5f   Thumb Code    34  lpc17xx_gpio.o(.text)
    FIO_ByteClearValue                       0x00000a81   Thumb Code    34  lpc17xx_gpio.o(.text)
    FIO_ByteReadValue                        0x00000aa3   Thumb Code    42  lpc17xx_gpio.o(.text)
    SSP_Init                                 0x00000b4f   Thumb Code   100  lpc17xx_ssp.o(.text)
    SSP_DeInit                               0x00000bb3   Thumb Code    60  lpc17xx_ssp.o(.text)
    SSP_GetDataSize                          0x00000bef   Thumb Code    34  lpc17xx_ssp.o(.text)
    SSP_ConfigStructInit                     0x00000c11   Thumb Code    22  lpc17xx_ssp.o(.text)
    SSP_Cmd                                  0x00000c27   Thumb Code    68  lpc17xx_ssp.o(.text)
    SSP_LoopBackCmd                          0x00000c6b   Thumb Code    68  lpc17xx_ssp.o(.text)
    SSP_SlaveOutputCmd                       0x00000caf   Thumb Code    72  lpc17xx_ssp.o(.text)
    SSP_SendData                             0x00000cf7   Thumb Code    36  lpc17xx_ssp.o(.text)
    SSP_ReceiveData                          0x00000d1b   Thumb Code    34  lpc17xx_ssp.o(.text)
    SSP_ReadWrite                            0x00000d3d   Thumb Code   630  lpc17xx_ssp.o(.text)
    SSP_GetStatus                            0x00000fb3   Thumb Code    80  lpc17xx_ssp.o(.text)
    SSP_IntConfig                            0x00001003   Thumb Code    58  lpc17xx_ssp.o(.text)
    SSP_GetRawIntStatus                      0x0000103d   Thumb Code    76  lpc17xx_ssp.o(.text)
    SSP_GetRawIntStatusReg                   0x00001089   Thumb Code    34  lpc17xx_ssp.o(.text)
    SSP_GetIntStatus                         0x000010ab   Thumb Code    76  lpc17xx_ssp.o(.text)
    SSP_ClearIntPending                      0x000010f7   Thumb Code    58  lpc17xx_ssp.o(.text)
    SSP_DMACmd                               0x00001131   Thumb Code   100  lpc17xx_ssp.o(.text)
    getRandomX                               0x0000119d   Thumb Code    40  main.o(.text)
    getRandomY                               0x000011c5   Thumb Code    40  main.o(.text)
    main                                     0x000011ed   Thumb Code   232  main.o(.text)
    check_failed                             0x000012d5   Thumb Code     4  main.o(.text)
    rw_data_prepare                          0x0000133b   Thumb Code    10  ili_lcd_general.o(.text)
    write_data                               0x00001345   Thumb Code    50  ili_lcd_general.o(.text)
    lcd_getdeviceid                          0x00001377   Thumb Code     6  ili_lcd_general.o(.text)
    BGR2RGB                                  0x0000137d   Thumb Code    26  ili_lcd_general.o(.text)
    lcd_SetCursor                            0x00001397   Thumb Code    52  ili_lcd_general.o(.text)
    lcd_read_gram                            0x000013cb   Thumb Code    34  ili_lcd_general.o(.text)
    lcd_clear                                0x000013ed   Thumb Code    38  ili_lcd_general.o(.text)
    lcd_data_bus_test                        0x00001413   Thumb Code    74  ili_lcd_general.o(.text)
    lcd_gram_test                            0x0000145d   Thumb Code   218  ili_lcd_general.o(.text)
    lcd_Initializtion                        0x00001537   Thumb Code  2262  ili_lcd_general.o(.text)
    LCD_write_english                        0x00001e11   Thumb Code   118  lcd_api.o(.text)
    LCD_write_english_string                 0x00001e87   Thumb Code    52  lcd_api.o(.text)
    dessiner_ligne                           0x00001ec1   Thumb Code   110  affichagelcd.o(.text)
    dessiner_rect                            0x00001f2f   Thumb Code   128  affichagelcd.o(.text)
    SPI_WriteByte                            0x00001fb1   Thumb Code    42  touch_panel.o(.text)
    spi1_init                                0x00001fdb   Thumb Code   106  touch_panel.o(.text)
    touch_init                               0x00002045   Thumb Code   122  touch_panel.o(.text)
    touch_debug                              0x000020bf   Thumb Code   394  touch_panel.o(.text)
    touch_read                               0x00002249   Thumb Code   284  touch_panel.o(.text)
    __2sprintf                               0x00002389   Thumb Code    38  __2sprintf.o(.text)
    _printf_pre_padding                      0x000023b5   Thumb Code    44  _printf_pad.o(.text)
    _printf_post_padding                     0x000023e1   Thumb Code    34  _printf_pad.o(.text)
    _printf_int_dec                          0x00002405   Thumb Code   104  _printf_dec.o(.text)
    __printf                                 0x0000247d   Thumb Code   308  __printf_flags_wp.o(.text)
    srand                                    0x000025b5   Thumb Code    42  rand.o(.text)
    _rand_init                               0x000025df   Thumb Code     4  rand.o(.text)
    __I$use$semihosting                      0x000025f1   Thumb Code     0  use_no_semi.o(.text)
    __use_no_semihosting_swi                 0x000025f1   Thumb Code     2  use_no_semi.o(.text)
    __semihosting_library_function           0x000025f3   Thumb Code     0  indicate_semi.o(.text)
    _printf_int_common                       0x000025f3   Thumb Code   178  _printf_intcommon.o(.text)
    _printf_char_common                      0x000026af   Thumb Code    32  _printf_char_common.o(.text)
    _sputc                                   0x000026d5   Thumb Code    10  _sputc.o(.text)
    __user_setup_stackheap                   0x000026df   Thumb Code    74  sys_stackheap_outer.o(.text)
    exit                                     0x00002729   Thumb Code    18  exit.o(.text)
    __user_libspace                          0x0000273d   Thumb Code     8  libspace.o(.text)
    __user_perproc_libspace                  0x0000273d   Thumb Code     0  libspace.o(.text)
    __user_perthread_libspace                0x0000273d   Thumb Code     0  libspace.o(.text)
    _sys_exit                                0x00002745   Thumb Code     8  sys_exit.o(.text)
    _is_digit                                0x00002751   Thumb Code    14  __printf_wp.o(i._is_digit)
    lcd_send                                 0x00002761   Thumb Code    40  ili_lcd_general.o(i.lcd_send)
    read_data                                0x0000278d   Thumb Code   114  ili_lcd_general.o(i.read_data)
    wait_delay                               0x00002805   Thumb Code    18  ili_lcd_general.o(i.wait_delay)
    write_cmd                                0x00002819   Thumb Code    60  ili_lcd_general.o(i.write_cmd)
    write_reg                                0x00002859   Thumb Code    20  ili_lcd_general.o(i.write_reg)
    english                                  0x0000286c   Data        1520  english_16x8.o(.constdata)
    Region$$Table$$Base                      0x00002e70   Number         0  anon$$obj.o(Region$$Table)
    Region$$Table$$Limit                     0x00002ea0   Number         0  anon$$obj.o(Region$$Table)
    SystemCoreClock                          0x2007c000   Data           4  system_lpc17xx.o(.data)
    touch_x                                  0x2007c004   Data           2  main.o(.data)
    touch_y                                  0x2007c006   Data           2  main.o(.data)
    chaine                                   0x2007c00c   Data          30  main.o(.bss)
    LCDSPI1Data                              0x2007c02c   Data          24  touch_panel.o(.bss)
    _random_number_data                      0x2007c044   Data         228  rand.o(.bss)
    __libspace_start                         0x2007c128   Data          96  libspace.o(.bss)
    __temporary_stack_top$libspace           0x2007c188   Data           0  libspace.o(.bss)



==============================================================================

Memory Map of the image

  Image Entry point : 0x000000cd

  Load Region LR_IROM1 (Base: 0x00000000, Size: 0x00002eac, Max: 0x00080000, ABSOLUTE)

    Execution Region ER_IROM1 (Exec base: 0x00000000, Load base: 0x00000000, Size: 0x00002ea0, Max: 0x00080000, ABSOLUTE)

    Exec Addr    Load Addr    Size         Type   Attr      Idx    E Section Name        Object

    0x00000000   0x00000000   0x000000cc   Data   RO            3    RESET               startup_lpc17xx.o
    0x000000cc   0x000000cc   0x00000008   Code   RO          466  * !!!main             c_w.l(__main.o)
    0x000000d4   0x000000d4   0x00000034   Code   RO          644    !!!scatter          c_w.l(__scatter.o)
    0x00000108   0x00000108   0x0000001a   Code   RO          646    !!handler_copy      c_w.l(__scatter_copy.o)
    0x00000122   0x00000122   0x00000002   PAD
    0x00000124   0x00000124   0x0000001c   Code   RO          648    !!handler_zi        c_w.l(__scatter_zi.o)
    0x00000140   0x00000140   0x00000000   Code   RO          458    .ARM.Collect$$_printf_percent$$00000000  c_w.l(_printf_percent.o)
    0x00000140   0x00000140   0x00000006   Code   RO          457    .ARM.Collect$$_printf_percent$$00000009  c_w.l(_printf_d.o)
    0x00000146   0x00000146   0x00000004   Code   RO          482    .ARM.Collect$$_printf_percent$$00000017  c_w.l(_printf_percent_end.o)
    0x0000014a   0x0000014a   0x00000002   Code   RO          568    .ARM.Collect$$libinit$$00000000  c_w.l(libinit.o)
    0x0000014c   0x0000014c   0x00000000   Code   RO          484    .ARM.Collect$$libinit$$00000002  c_w.l(libinit2.o)
    0x0000014c   0x0000014c   0x00000000   Code   RO          486    .ARM.Collect$$libinit$$00000004  c_w.l(libinit2.o)
    0x0000014c   0x0000014c   0x00000000   Code   RO          489    .ARM.Collect$$libinit$$0000000A  c_w.l(libinit2.o)
    0x0000014c   0x0000014c   0x00000000   Code   RO          491    .ARM.Collect$$libinit$$0000000C  c_w.l(libinit2.o)
    0x0000014c   0x0000014c   0x00000004   Code   RO          492    .ARM.Collect$$libinit$$0000000D  c_w.l(libinit2.o)
    0x00000150   0x00000150   0x00000000   Code   RO          493    .ARM.Collect$$libinit$$0000000E  c_w.l(libinit2.o)
    0x00000150   0x00000150   0x00000000   Code   RO          496    .ARM.Collect$$libinit$$00000011  c_w.l(libinit2.o)
    0x00000150   0x00000150   0x00000000   Code   RO          498    .ARM.Collect$$libinit$$00000013  c_w.l(libinit2.o)
    0x00000150   0x00000150   0x00000000   Code   RO          500    .ARM.Collect$$libinit$$00000015  c_w.l(libinit2.o)
    0x00000150   0x00000150   0x00000000   Code   RO          502    .ARM.Collect$$libinit$$00000017  c_w.l(libinit2.o)
    0x00000150   0x00000150   0x00000000   Code   RO          504    .ARM.Collect$$libinit$$00000019  c_w.l(libinit2.o)
    0x00000150   0x00000150   0x00000000   Code   RO          506    .ARM.Collect$$libinit$$0000001B  c_w.l(libinit2.o)
    0x00000150   0x00000150   0x00000000   Code   RO          508    .ARM.Collect$$libinit$$0000001D  c_w.l(libinit2.o)
    0x00000150   0x00000150   0x00000000   Code   RO          510    .ARM.Collect$$libinit$$0000001F  c_w.l(libinit2.o)
    0x00000150   0x00000150   0x00000000   Code   RO          512    .ARM.Collect$$libinit$$00000021  c_w.l(libinit2.o)
    0x00000150   0x00000150   0x00000000   Code   RO          514    .ARM.Collect$$libinit$$00000023  c_w.l(libinit2.o)
    0x00000150   0x00000150   0x00000000   Code   RO          516    .ARM.Collect$$libinit$$00000025  c_w.l(libinit2.o)
    0x00000150   0x00000150   0x00000000   Code   RO          520    .ARM.Collect$$libinit$$0000002C  c_w.l(libinit2.o)
    0x00000150   0x00000150   0x00000000   Code   RO          522    .ARM.Collect$$libinit$$0000002E  c_w.l(libinit2.o)
    0x00000150   0x00000150   0x00000000   Code   RO          524    .ARM.Collect$$libinit$$00000030  c_w.l(libinit2.o)
    0x00000150   0x00000150   0x00000000   Code   RO          526    .ARM.Collect$$libinit$$00000032  c_w.l(libinit2.o)
    0x00000150   0x00000150   0x00000002   Code   RO          527    .ARM.Collect$$libinit$$00000033  c_w.l(libinit2.o)
    0x00000152   0x00000152   0x00000002   Code   RO          609    .ARM.Collect$$libshutdown$$00000000  c_w.l(libshutdown.o)
    0x00000154   0x00000154   0x00000000   Code   RO          625    .ARM.Collect$$libshutdown$$00000002  c_w.l(libshutdown2.o)
    0x00000154   0x00000154   0x00000000   Code   RO          627    .ARM.Collect$$libshutdown$$00000004  c_w.l(libshutdown2.o)
    0x00000154   0x00000154   0x00000000   Code   RO          629    .ARM.Collect$$libshutdown$$00000006  c_w.l(libshutdown2.o)
    0x00000154   0x00000154   0x00000000   Code   RO          632    .ARM.Collect$$libshutdown$$00000009  c_w.l(libshutdown2.o)
    0x00000154   0x00000154   0x00000000   Code   RO          635    .ARM.Collect$$libshutdown$$0000000C  c_w.l(libshutdown2.o)
    0x00000154   0x00000154   0x00000000   Code   RO          637    .ARM.Collect$$libshutdown$$0000000E  c_w.l(libshutdown2.o)
    0x00000154   0x00000154   0x00000000   Code   RO          640    .ARM.Collect$$libshutdown$$00000011  c_w.l(libshutdown2.o)
    0x00000154   0x00000154   0x00000002   Code   RO          641    .ARM.Collect$$libshutdown$$00000012  c_w.l(libshutdown2.o)
    0x00000156   0x00000156   0x00000000   Code   RO          471    .ARM.Collect$$rtentry$$00000000  c_w.l(__rtentry.o)
    0x00000156   0x00000156   0x00000000   Code   RO          529    .ARM.Collect$$rtentry$$00000002  c_w.l(__rtentry2.o)
    0x00000156   0x00000156   0x00000006   Code   RO          541    .ARM.Collect$$rtentry$$00000004  c_w.l(__rtentry4.o)
    0x0000015c   0x0000015c   0x00000000   Code   RO          531    .ARM.Collect$$rtentry$$00000009  c_w.l(__rtentry2.o)
    0x0000015c   0x0000015c   0x00000004   Code   RO          532    .ARM.Collect$$rtentry$$0000000A  c_w.l(__rtentry2.o)
    0x00000160   0x00000160   0x00000000   Code   RO          534    .ARM.Collect$$rtentry$$0000000C  c_w.l(__rtentry2.o)
    0x00000160   0x00000160   0x00000008   Code   RO          535    .ARM.Collect$$rtentry$$0000000D  c_w.l(__rtentry2.o)
    0x00000168   0x00000168   0x00000002   Code   RO          574    .ARM.Collect$$rtexit$$00000000  c_w.l(rtexit.o)
    0x0000016a   0x0000016a   0x00000000   Code   RO          591    .ARM.Collect$$rtexit$$00000002  c_w.l(rtexit2.o)
    0x0000016a   0x0000016a   0x00000004   Code   RO          592    .ARM.Collect$$rtexit$$00000003  c_w.l(rtexit2.o)
    0x0000016e   0x0000016e   0x00000006   Code   RO          593    .ARM.Collect$$rtexit$$00000004  c_w.l(rtexit2.o)
    0x00000174   0x00000174   0x00000034   Code   RO          459    .emb_text           c_w.l(rand.o)
    0x000001a8   0x000001a8   0x0000003c   Code   RO            5    .text               startup_lpc17xx.o
    0x000001e4   0x000001e4   0x00000100   Code   RO          114    .text               lpc17xx_pinsel.o
    0x000002e4   0x000002e4   0x00000012   Code   RO          423    .text               c_w.l(sys_time.o)
    0x000002f6   0x000002f6   0x00000006   Code   RO          464    .text               c_w.l(heapauxi.o)
    0x000002fc   0x000002fc   0x00000004   Code   RO            4    .ARM.__at_0x02FC    startup_lpc17xx.o
    0x00000300   0x00000300   0x00000280   Code   RO           14    .text               system_lpc17xx.o
    0x00000580   0x00000580   0x00000140   Code   RO           59    .text               lpc17xx_clkpwr.o
    0x000006c0   0x000006c0   0x0000040c   Code   RO           92    .text               lpc17xx_gpio.o
    0x00000acc   0x00000acc   0x000006d0   Code   RO          190    .text               lpc17xx_ssp.o
    0x0000119c   0x0000119c   0x00000160   Code   RO          236    .text               main.o
    0x000012fc   0x000012fc   0x00000b14   Code   RO          280    .text               ili_lcd_general.o
    0x00001e10   0x00001e10   0x000000b0   Code   RO          341    .text               lcd_api.o
    0x00001ec0   0x00001ec0   0x000000ee   Code   RO          365    .text               affichagelcd.o
    0x00001fae   0x00001fae   0x00000002   PAD
    0x00001fb0   0x00001fb0   0x000003d8   Code   RO          390    .text               touch_panel.o
    0x00002388   0x00002388   0x0000002c   Code   RO          427    .text               c_w.l(__2sprintf.o)
    0x000023b4   0x000023b4   0x0000004e   Code   RO          433    .text               c_w.l(_printf_pad.o)
    0x00002402   0x00002402   0x00000002   PAD
    0x00002404   0x00002404   0x00000078   Code   RO          435    .text               c_w.l(_printf_dec.o)
    0x0000247c   0x0000247c   0x00000138   Code   RO          449    .text               c_w.l(__printf_flags_wp.o)
    0x000025b4   0x000025b4   0x0000003c   Code   RO          460    .text               c_w.l(rand.o)
    0x000025f0   0x000025f0   0x00000002   Code   RO          468    .text               c_w.l(use_no_semi.o)
    0x000025f2   0x000025f2   0x00000000   Code   RO          470    .text               c_w.l(indicate_semi.o)
    0x000025f2   0x000025f2   0x000000b2   Code   RO          476    .text               c_w.l(_printf_intcommon.o)
    0x000026a4   0x000026a4   0x00000030   Code   RO          478    .text               c_w.l(_printf_char_common.o)
    0x000026d4   0x000026d4   0x0000000a   Code   RO          480    .text               c_w.l(_sputc.o)
    0x000026de   0x000026de   0x0000004a   Code   RO          551    .text               c_w.l(sys_stackheap_outer.o)
    0x00002728   0x00002728   0x00000012   Code   RO          553    .text               c_w.l(exit.o)
    0x0000273a   0x0000273a   0x00000002   PAD
    0x0000273c   0x0000273c   0x00000008   Code   RO          571    .text               c_w.l(libspace.o)
    0x00002744   0x00002744   0x0000000c   Code   RO          588    .text               c_w.l(sys_exit.o)
    0x00002750   0x00002750   0x0000000e   Code   RO          447    i._is_digit         c_w.l(__printf_wp.o)
    0x0000275e   0x0000275e   0x00000002   PAD
    0x00002760   0x00002760   0x0000002c   Code   RO          294    i.lcd_send          ili_lcd_general.o
    0x0000278c   0x0000278c   0x00000078   Code   RO          306    i.read_data         ili_lcd_general.o
    0x00002804   0x00002804   0x00000012   Code   RO          312    i.wait_delay        ili_lcd_general.o
    0x00002816   0x00002816   0x00000002   PAD
    0x00002818   0x00002818   0x00000040   Code   RO          300    i.write_cmd         ili_lcd_general.o
    0x00002858   0x00002858   0x00000014   Code   RO          317    i.write_reg         ili_lcd_general.o
    0x0000286c   0x0000286c   0x000005f0   Data   RO          357    .constdata          english_16x8.o
    0x00002e5c   0x00002e5c   0x00000011   Data   RO          450    .constdata          c_w.l(__printf_flags_wp.o)
    0x00002e6d   0x00002e6d   0x00000003   PAD
    0x00002e70   0x00002e70   0x00000030   Data   RO          642    Region$$Table       anon$$obj.o


    Execution Region RW_IRAM1 (Exec base: 0x10000000, Load base: 0x00002ea0, Size: 0x00000200, Max: 0x00008000, ABSOLUTE)

    Exec Addr    Load Addr    Size         Type   Attr      Idx    E Section Name        Object

    0x10000000        -       0x00000200   Zero   RW            1    STACK               startup_lpc17xx.o


    Execution Region RW_IRAM2 (Exec base: 0x2007c000, Load base: 0x00002ea0, Size: 0x00000188, Max: 0x00008000, ABSOLUTE)

    Exec Addr    Load Addr    Size         Type   Attr      Idx    E Section Name        Object

    0x2007c000   0x00002ea0   0x00000004   Data   RW           15    .data               system_lpc17xx.o
    0x2007c004   0x00002ea4   0x00000004   Data   RW          238    .data               main.o
    0x2007c008   0x00002ea8   0x00000002   Data   RW          281    .data               ili_lcd_general.o
    0x2007c00a   0x00002eaa   0x00000002   PAD
    0x2007c00c        -       0x0000001e   Zero   RW          237    .bss                main.o
    0x2007c02a   0x00002eaa   0x00000002   PAD
    0x2007c02c        -       0x00000018   Zero   RW          391    .bss                touch_panel.o
    0x2007c044        -       0x000000e4   Zero   RW          461    .bss                c_w.l(rand.o)
    0x2007c128        -       0x00000060   Zero   RW          572    .bss                c_w.l(libspace.o)
    0x2007c188        -       0x00000000   Zero   RW            2    HEAP                startup_lpc17xx.o


==============================================================================

Image component sizes


      Code (inc. data)   RO Data    RW Data    ZI Data      Debug   Object Name

       238          0          0          0          0       1343   affichagelcd.o
         0          0       1520          0          0        386   english_16x8.o
      3102         32          0          2          0       7911   ili_lcd_general.o
       176          6          0          0          0       1221   lcd_api.o
       320         22          0          0          0       3151   lpc17xx_clkpwr.o
      1036         28          0          0          0      10451   lpc17xx_gpio.o
       256          4          0          0          0       4157   lpc17xx_pinsel.o
      1744         80          0          0          0      11660   lpc17xx_ssp.o
       352         36          0          4         30       2407   main.o
        64         26        204          0        512       1128   startup_lpc17xx.o
       640         32          0          4          0      22765   system_lpc17xx.o
       984         36          0          0         24       2698   touch_panel.o

    ----------------------------------------------------------------------
      8916        302       1772         12        568      69278   Object Totals
         0          0         48          0          0          0   (incl. Generated)
         4          0          0          2          2          0   (incl. Padding)

    ----------------------------------------------------------------------

      Code (inc. data)   RO Data    RW Data    ZI Data      Debug   Library Member Name

        44          6          0          0          0         84   __2sprintf.o
         8          0          0          0          0         68   __main.o
       312          4         17          0          0         92   __printf_flags_wp.o
        14          0          0          0          0         68   __printf_wp.o
         0          0          0          0          0          0   __rtentry.o
        12          0          0          0          0          0   __rtentry2.o
         6          0          0          0          0          0   __rtentry4.o
        52          8          0          0          0          0   __scatter.o
        26          0          0          0          0          0   __scatter_copy.o
        28          0          0          0          0          0   __scatter_zi.o
        48          6          0          0          0         96   _printf_char_common.o
         6          0          0          0          0          0   _printf_d.o
       120         16          0          0          0         92   _printf_dec.o
       178          0          0          0          0         88   _printf_intcommon.o
        78          0          0          0          0        108   _printf_pad.o
         0          0          0          0          0          0   _printf_percent.o
         4          0          0          0          0          0   _printf_percent_end.o
        10          0          0          0          0         68   _sputc.o
        18          0          0          0          0         80   exit.o
         6          0          0          0          0        152   heapauxi.o
         0          0          0          0          0          0   indicate_semi.o
         2          0          0          0          0          0   libinit.o
         6          0          0          0          0          0   libinit2.o
         2          0          0          0          0          0   libshutdown.o
         2          0          0          0          0          0   libshutdown2.o
         8          4          0          0         96         68   libspace.o
       112         18          0          0        228        160   rand.o
         2          0          0          0          0          0   rtexit.o
        10          0          0          0          0          0   rtexit2.o
        12          4          0          0          0         68   sys_exit.o
        74          0          0          0          0         80   sys_stackheap_outer.o
        18          0          0          0          0         76   sys_time.o
         2          0          0          0          0         68   use_no_semi.o

    ----------------------------------------------------------------------
      1228         66         20          0        324       1516   Library Totals
         8          0          3          0          0          0   (incl. Padding)

    ----------------------------------------------------------------------

      Code (inc. data)   RO Data    RW Data    ZI Data      Debug   Library Name

      1220         66         17          0        324       1516   c_w.l

    ----------------------------------------------------------------------
      1228         66         20          0        324       1516   Library Totals

    ----------------------------------------------------------------------

==============================================================================


      Code (inc. data)   RO Data    RW Data    ZI Data      Debug   

     10144        368       1792         12        892      69178   Grand Totals
     10144        368       1792         12        892      69178   ELF Image Totals
     10144        368       1792         12          0          0   ROM Totals

==============================================================================

    Total RO  Size (Code + RO Data)                11936 (  11.66kB)
    Total RW  Size (RW Data + ZI Data)               904 (   0.88kB)
    Total ROM Size (Code + RO Data + RW Data)      11948 (  11.67kB)

==============================================================================

